---
source: crates/tracewake-tui/tests/embodied_pane_buffer.rs
expression: "buffer_text_for_size(80, 24)"
---
[Header / Mode]
actor=actor_tomas mode=Embodied focus=place debug_available=false
[Place / Situation]                      [Details / Why-not]
place:                                   why_not:
Tomas home (home_tomas)                  - none
exits:
... 7 more; focus details to inspect
[Co-present Actors]
actors:
- none                                   [Actions / Affordances]
                                         actions:
                                         1. Continue routine [continue.routine.i
[Notebook / Leads]                       2. Move to workshop_tomas [move.to.work
notebook:                                3. Sleep here [sleep.here]
viewer=actor_tomas                       4. Wait [wait.1_tick]
Beliefs:
... 9 more; focus details to inspect     [Self / Body / Routine]
[Recent Actor-known Changes]             status:
actor_known_interval:                    Needs:
- none                                   - fatigue band=comfortable cause=fixtur
                                         - hunger band=comfortable cause=fixture
                                         - safety band=comfortable cause=fixture
                                         ... 4 more; focus details to inspect
[Input Hints]
